{
    "Two channels, mesmer and cellpose, with clahe": {
        "content": [
            17,
            {
                "CELLPOSE": {
                    "cellpose": "4.0.9",
                    "python": "3.12.12",
                    "torch": "2.10.0+cu128"
                },
                "CLAHE": {
                    "molkart_clahe": "0.1.0"
                },
                "CREATE_ANNDATA": {
                    "molkart_createanndata": "0.2.0"
                },
                "CREATE_STACK": {
                    "molkart_stack": "0.1.0"
                },
                "DEEPCELL_MESMER": {
                    "deepcell_mesmer": "0.4.1"
                },
                "MASKFILTER": {
                    "molkart_maskfilter": "0.1.0"
                },
                "MINDAGAP_DUPLICATEFINDER": {
                    "mindagap": "0.0.2"
                },
                "MINDAGAP_MINDAGAP": {
                    "mindagap": "0.0.2"
                },
                "MOLKARTQC": {
                    "molkartqc": "0.1.0"
                },
                "SPOT2CELL": {
                    "molkart_spot2cell": "0.1.0"
                },
                "Workflow": {
                    "nf-core/molkart": "v1.3.0dev"
                }
            },
            [
                "anndata",
                "anndata/mem_only_cellpose.h5ad",
                "anndata/mem_only_mesmer.h5ad",
                "clahe",
                "clahe/mem_only_membrane_gridfilled_clahe.tiff",
                "clahe/mem_only_nuclear_gridfilled_clahe.tiff",
                "mindagap",
                "mindagap/mem_only_membrane_gridfilled.tiff",
                "mindagap/mem_only_nuclear_gridfilled.tiff",
                "mindagap/mem_only_spots_markedDups.txt",
                "molkartqc",
                "molkartqc/mem_only.cellpose.spot_QC.csv",
                "molkartqc/mem_only.mesmer.spot_QC.csv",
                "multiqc",
                "multiqc/multiqc_data",
                "multiqc/multiqc_data/llms-full.txt",
                "multiqc/multiqc_data/multiqc.log",
                "multiqc/multiqc_data/multiqc.parquet",
                "multiqc/multiqc_data/multiqc_citations.txt",
                "multiqc/multiqc_data/multiqc_data.json",
                "multiqc/multiqc_data/multiqc_segmentation_stats.txt",
                "multiqc/multiqc_data/multiqc_software_versions.txt",
                "multiqc/multiqc_data/multiqc_sources.txt",
                "multiqc/multiqc_plots",
                "multiqc/multiqc_plots/pdf",
                "multiqc/multiqc_plots/pdf/segmentation_stats.pdf",
                "multiqc/multiqc_plots/png",
                "multiqc/multiqc_plots/png/segmentation_stats.png",
                "multiqc/multiqc_plots/svg",
                "multiqc/multiqc_plots/svg/segmentation_stats.svg",
                "multiqc/multiqc_report.html",
                "pipeline_info",
                "pipeline_info/nf_core_molkart_software_mqc_versions.yml",
                "segmentation",
                "segmentation/cellpose",
                "segmentation/cellpose/mem_only_cellpose_mask.tif",
                "segmentation/filtered_masks",
                "segmentation/filtered_masks/mem_only_cellpose_filtered.csv",
                "segmentation/filtered_masks/mem_only_cellpose_filtered.tif",
                "segmentation/filtered_masks/mem_only_mesmer_filtered.csv",
                "segmentation/filtered_masks/mem_only_mesmer_filtered.tif",
                "segmentation/mesmer",
                "segmentation/mesmer/mem_only_mesmer_mask.tif",
                "spot2cell",
                "spot2cell/cellxgene_mem_only_cellpose.csv",
                "spot2cell/cellxgene_mem_only_mesmer.csv",
                "stack",
                "stack/mem_only_stack.ome.tif"
            ],
            [
                "mem_only_cellpose.h5ad:md5,34c01b706fe8a4ad0ca3704e2606a40a",
                "mem_only_mesmer.h5ad:md5,095433550d08d78cf011c3d5db69f444",
                "mem_only_membrane_gridfilled.tiff:md5,6e24160d758468d2de07ca200dfb62c2",
                "mem_only_nuclear_gridfilled.tiff:md5,123763d54f05b2274690b3b84f9690b1",
                "mem_only_spots_markedDups.txt:md5,4562caad05850d7dd7b6e9235e068a8b",
                "mem_only.cellpose.spot_QC.csv:md5,09c97c6cdc6bc4460768d7236bab405a",
                "mem_only.mesmer.spot_QC.csv:md5,3273bd6fecf93a3d240614d1b38831c9",
                "multiqc_citations.txt:md5,4c806e63a283ec1b7e78cdae3a923d4f",
                "multiqc_segmentation_stats.txt:md5,ce1053a4cb58f615946c01e0e58587c7",
                "mem_only_cellpose_mask.tif:md5,67f98e4832130bd0db27dccf3e161194",
                "mem_only_cellpose_filtered.csv:md5,66c1d9d9ab0d026b485ebd9d017eaf84",
                "mem_only_cellpose_filtered.tif:md5,190f9bf426492083b51b2278119c261a",
                "mem_only_mesmer_filtered.csv:md5,d489b06c9cd6cc4218f13e17b1fc5ba3",
                "mem_only_mesmer_filtered.tif:md5,5751b2e39393a9c8221396f5ef592035",
                "mem_only_mesmer_mask.tif:md5,6f8c792ccc4cca97b5696990fb4e3801"
            ]
        ],
        "timestamp": "2026-06-08T17:38:31.513799298",
        "meta": {
            "nf-test": "0.9.4",
            "nextflow": "25.10.4"
        }
    },
    "Two channels, stardist, mesmer, cellpose, clahe - stub": {
        "content": [
            22,
            {
                "CELLPOSE": {
                    "cellpose": "4.0.9",
                    "python": "3.12.12",
                    "torch": "2.10.0+cu128"
                },
                "CLAHE": {
                    "molkart_clahe": "0.1.0"
                },
                "CREATE_ANNDATA": {
                    "molkart_createanndata": "0.2.0"
                },
                "CREATE_STACK": {
                    "molkart_stack": "0.1.0"
                },
                "DEEPCELL_MESMER": {
                    "deepcell_mesmer": "0.4.1"
                },
                "MASKFILTER": {
                    "molkart_maskfilter": "0.1.0"
                },
                "MINDAGAP_DUPLICATEFINDER": {
                    "mindagap": "0.0.2"
                },
                "MINDAGAP_MINDAGAP": {
                    "mindagap": "0.0.2"
                },
                "MOLKARTQC": {
                    "molkartqc": "0.1.0"
                },
                "SPOT2CELL": {
                    "molkart_spot2cell": "0.1.0"
                },
                "STARDIST": {
                    "stardist": "0.9.1",
                    "python": "3.9.15",
                    "tensorflow": "2.10.0",
                    "tifffile": "2022.4.8"
                },
                "Workflow": {
                    "nf-core/molkart": "v1.3.0dev"
                }
            },
            [
                "anndata",
                "anndata/mem_only_cellpose.h5ad",
                "anndata/mem_only_mesmer.h5ad",
                "anndata/mem_only_stardist.h5ad",
                "clahe",
                "clahe/mem_only_membrane_gridfilled_clahe.tiff",
                "clahe/mem_only_nuclear_gridfilled_clahe.tiff",
                "mindagap",
                "mindagap/mem_only_membrane_gridfilled.tiff",
                "mindagap/mem_only_nuclear_gridfilled.tiff",
                "mindagap/mem_only_spots_markedDups.txt",
                "molkartqc",
                "molkartqc/mem_only.csv",
                "multiqc",
                "multiqc/multiqc_data",
                "multiqc/multiqc_data/.stub",
                "multiqc/multiqc_plots",
                "multiqc/multiqc_plots/.stub",
                "multiqc/multiqc_report.html",
                "pipeline_info",
                "pipeline_info/nf_core_molkart_software_mqc_versions.yml",
                "segmentation",
                "segmentation/cellpose",
                "segmentation/cellpose/mem_only_cellpose_mask.tif",
                "segmentation/filtered_masks",
                "segmentation/filtered_masks/mem_only_cellpose_filtered.csv",
                "segmentation/filtered_masks/mem_only_cellpose_filtered.tif",
                "segmentation/filtered_masks/mem_only_mesmer_filtered.csv",
                "segmentation/filtered_masks/mem_only_mesmer_filtered.tif",
                "segmentation/filtered_masks/mem_only_stardist_filtered.csv",
                "segmentation/filtered_masks/mem_only_stardist_filtered.tif",
                "segmentation/mesmer",
                "segmentation/mesmer/mem_only_mesmer_mask.tif",
                "segmentation/stardist",
                "segmentation/stardist/mem_only_stardist_mask.tif",
                "spot2cell",
                "spot2cell/cellxgene_mem_only_cellpose.csv",
                "spot2cell/cellxgene_mem_only_mesmer.csv",
                "spot2cell/cellxgene_mem_only_stardist.csv",
                "stack",
                "stack/mem_only_stack.ome.tif"
            ],
            [
                "mem_only_cellpose.h5ad:md5,d41d8cd98f00b204e9800998ecf8427e",
                "mem_only_mesmer.h5ad:md5,d41d8cd98f00b204e9800998ecf8427e",
                "mem_only_stardist.h5ad:md5,d41d8cd98f00b204e9800998ecf8427e",
                "mem_only_membrane_gridfilled.tiff:md5,d41d8cd98f00b204e9800998ecf8427e",
                "mem_only_nuclear_gridfilled.tiff:md5,d41d8cd98f00b204e9800998ecf8427e",
                "mem_only_spots_markedDups.txt:md5,d41d8cd98f00b204e9800998ecf8427e",
                "mem_only.csv:md5,d41d8cd98f00b204e9800998ecf8427e",
                ".stub:md5,d41d8cd98f00b204e9800998ecf8427e",
                ".stub:md5,d41d8cd98f00b204e9800998ecf8427e",
                "mem_only_cellpose_mask.tif:md5,d41d8cd98f00b204e9800998ecf8427e",
                "mem_only_cellpose_filtered.csv:md5,d41d8cd98f00b204e9800998ecf8427e",
                "mem_only_cellpose_filtered.tif:md5,d41d8cd98f00b204e9800998ecf8427e",
                "mem_only_mesmer_filtered.csv:md5,d41d8cd98f00b204e9800998ecf8427e",
                "mem_only_mesmer_filtered.tif:md5,d41d8cd98f00b204e9800998ecf8427e",
                "mem_only_stardist_filtered.csv:md5,d41d8cd98f00b204e9800998ecf8427e",
                "mem_only_stardist_filtered.tif:md5,d41d8cd98f00b204e9800998ecf8427e",
                "mem_only_mesmer_mask.tif:md5,d41d8cd98f00b204e9800998ecf8427e",
                "mem_only_stardist_mask.tif:md5,d41d8cd98f00b204e9800998ecf8427e"
            ]
        ],
        "timestamp": "2026-06-08T17:41:30.688957917",
        "meta": {
            "nf-test": "0.9.4",
            "nextflow": "25.10.4"
        }
    },
    "Skip mindagap - skip clahe - extended spots - stardist": {
        "content": [
            6,
            {
                "CREATE_ANNDATA": {
                    "molkart_createanndata": "0.2.0"
                },
                "MASKFILTER": {
                    "molkart_maskfilter": "0.1.0"
                },
                "MOLKARTQC": {
                    "molkartqc": "0.1.0"
                },
                "SPOT2CELL": {
                    "molkart_spot2cell": "0.1.0"
                },
                "STARDIST": {
                    "stardist": "0.9.1",
                    "python": "3.9.15",
                    "tensorflow": "2.10.0",
                    "tifffile": "2022.4.8"
                },
                "Workflow": {
                    "nf-core/molkart": "v1.3.0dev"
                }
            },
            [
                "anndata",
                "anndata/nuc_only_stardist.h5ad",
                "molkartqc",
                "molkartqc/nuc_only.stardist.spot_QC.csv",
                "multiqc",
                "multiqc/multiqc_data",
                "multiqc/multiqc_data/llms-full.txt",
                "multiqc/multiqc_data/multiqc.log",
                "multiqc/multiqc_data/multiqc.parquet",
                "multiqc/multiqc_data/multiqc_citations.txt",
                "multiqc/multiqc_data/multiqc_data.json",
                "multiqc/multiqc_data/multiqc_segmentation_stats.txt",
                "multiqc/multiqc_data/multiqc_software_versions.txt",
                "multiqc/multiqc_data/multiqc_sources.txt",
                "multiqc/multiqc_plots",
                "multiqc/multiqc_plots/pdf",
                "multiqc/multiqc_plots/pdf/segmentation_stats.pdf",
                "multiqc/multiqc_plots/png",
                "multiqc/multiqc_plots/png/segmentation_stats.png",
                "multiqc/multiqc_plots/svg",
                "multiqc/multiqc_plots/svg/segmentation_stats.svg",
                "multiqc/multiqc_report.html",
                "pipeline_info",
                "pipeline_info/nf_core_molkart_software_mqc_versions.yml",
                "segmentation",
                "segmentation/filtered_masks",
                "segmentation/filtered_masks/nuc_only_stardist_filtered.csv",
                "segmentation/filtered_masks/nuc_only_stardist_filtered.tif",
                "segmentation/stardist",
                "segmentation/stardist/nuc_only_stardist_mask.tif",
                "spot2cell",
                "spot2cell/cellxgene_nuc_only_stardist.csv"
            ],
            [
                "nuc_only_stardist.h5ad:md5,9ac6c78b5cf9a52cbd779417a144ec21",
                "nuc_only.stardist.spot_QC.csv:md5,d234b17d36668995e0efc2586276c20e",
                "multiqc_citations.txt:md5,4c806e63a283ec1b7e78cdae3a923d4f",
                "multiqc_segmentation_stats.txt:md5,77bc1486f5e9a5574807c7198b0354a5",
                "nuc_only_stardist_filtered.csv:md5,bb19bd5364fe7c86cda2dedc5ae6ef2f",
                "nuc_only_stardist_filtered.tif:md5,69e8d2b157c0f57bfb59f4856a0187fa",
                "nuc_only_stardist_mask.tif:md5,adfcdce7a974e0fcf1bfc0e488d523e3"
            ]
        ],
        "timestamp": "2026-06-08T14:49:53.867019649",
        "meta": {
            "nf-test": "0.9.4",
            "nextflow": "25.10.4"
        }
    },
    "Nuclear channel, stardist, mesmer and cellpose, without clahe": {
        "content": [
            18,
            {
                "CELLPOSE": {
                    "cellpose": "4.0.9",
                    "python": "3.12.12",
                    "torch": "2.10.0+cu128"
                },
                "CREATE_ANNDATA": {
                    "molkart_createanndata": "0.2.0"
                },
                "DEEPCELL_MESMER": {
                    "deepcell_mesmer": "0.4.1"
                },
                "MASKFILTER": {
                    "molkart_maskfilter": "0.1.0"
                },
                "MINDAGAP_DUPLICATEFINDER": {
                    "mindagap": "0.0.2"
                },
                "MINDAGAP_MINDAGAP": {
                    "mindagap": "0.0.2"
                },
                "MOLKARTQC": {
                    "molkartqc": "0.1.0"
                },
                "SPOT2CELL": {
                    "molkart_spot2cell": "0.1.0"
                },
                "STARDIST": {
                    "stardist": "0.9.1",
                    "python": "3.9.15",
                    "tensorflow": "2.10.0",
                    "tifffile": "2022.4.8"
                },
                "Workflow": {
                    "nf-core/molkart": "v1.3.0dev"
                }
            },
            [
                "anndata",
                "anndata/nuc_only_cellpose.h5ad",
                "anndata/nuc_only_mesmer.h5ad",
                "anndata/nuc_only_stardist.h5ad",
                "mindagap",
                "mindagap/nuc_only_nuclear_gridfilled.tiff",
                "mindagap/nuc_only_spots_markedDups.txt",
                "molkartqc",
                "molkartqc/nuc_only.cellpose.spot_QC.csv",
                "molkartqc/nuc_only.mesmer.spot_QC.csv",
                "molkartqc/nuc_only.stardist.spot_QC.csv",
                "multiqc",
                "multiqc/multiqc_data",
                "multiqc/multiqc_data/llms-full.txt",
                "multiqc/multiqc_data/multiqc.log",
                "multiqc/multiqc_data/multiqc.parquet",
                "multiqc/multiqc_data/multiqc_citations.txt",
                "multiqc/multiqc_data/multiqc_data.json",
                "multiqc/multiqc_data/multiqc_segmentation_stats.txt",
                "multiqc/multiqc_data/multiqc_software_versions.txt",
                "multiqc/multiqc_data/multiqc_sources.txt",
                "multiqc/multiqc_plots",
                "multiqc/multiqc_plots/pdf",
                "multiqc/multiqc_plots/pdf/segmentation_stats.pdf",
                "multiqc/multiqc_plots/png",
                "multiqc/multiqc_plots/png/segmentation_stats.png",
                "multiqc/multiqc_plots/svg",
                "multiqc/multiqc_plots/svg/segmentation_stats.svg",
                "multiqc/multiqc_report.html",
                "pipeline_info",
                "pipeline_info/nf_core_molkart_software_mqc_versions.yml",
                "segmentation",
                "segmentation/cellpose",
                "segmentation/cellpose/nuc_only_cellpose_mask.tif",
                "segmentation/filtered_masks",
                "segmentation/filtered_masks/nuc_only_cellpose_filtered.csv",
                "segmentation/filtered_masks/nuc_only_cellpose_filtered.tif",
                "segmentation/filtered_masks/nuc_only_mesmer_filtered.csv",
                "segmentation/filtered_masks/nuc_only_mesmer_filtered.tif",
                "segmentation/filtered_masks/nuc_only_stardist_filtered.csv",
                "segmentation/filtered_masks/nuc_only_stardist_filtered.tif",
                "segmentation/mesmer",
                "segmentation/mesmer/nuc_only_mesmer_mask.tif",
                "segmentation/stardist",
                "segmentation/stardist/nuc_only_stardist_mask.tif",
                "spot2cell",
                "spot2cell/cellxgene_nuc_only_cellpose.csv",
                "spot2cell/cellxgene_nuc_only_mesmer.csv",
                "spot2cell/cellxgene_nuc_only_stardist.csv"
            ],
            [
                "nuc_only_cellpose.h5ad:md5,56f3203948eccd4c55cc00c34e2aa529",
                "nuc_only_mesmer.h5ad:md5,121c919b3b63f5681272edd995ce429c",
                "nuc_only_stardist.h5ad:md5,bab88e85a52cbd37fd4bc5f5bdda700f",
                "nuc_only_nuclear_gridfilled.tiff:md5,123763d54f05b2274690b3b84f9690b1",
                "nuc_only_spots_markedDups.txt:md5,4562caad05850d7dd7b6e9235e068a8b",
                "nuc_only.cellpose.spot_QC.csv:md5,c4d53a165d2d3f4fc9877126278e9c52",
                "nuc_only.mesmer.spot_QC.csv:md5,f8f4eb85bb8269341ac072ac78962ed4",
                "nuc_only.stardist.spot_QC.csv:md5,9b77da0f85fc445ff36769d28d337898",
                "multiqc_citations.txt:md5,4c806e63a283ec1b7e78cdae3a923d4f",
                "multiqc_segmentation_stats.txt:md5,8bece658eff1a94169dd5064a1590e26",
                "nuc_only_cellpose_mask.tif:md5,ad773cf2598c817cba6afc7b864dad08",
                "nuc_only_cellpose_filtered.csv:md5,df3504e781877862f42740bb56e72255",
                "nuc_only_cellpose_filtered.tif:md5,e16f67694697e637dd87d923d2dbac9a",
                "nuc_only_mesmer_filtered.csv:md5,4cd99d408b527fb0e74074cbd1880f52",
                "nuc_only_mesmer_filtered.tif:md5,5a6761c80ea65d41ce00d06d3414c96b",
                "nuc_only_stardist_filtered.csv:md5,ffacf083ba2a2aa4f4f767dbc72dbc7d",
                "nuc_only_stardist_filtered.tif:md5,bd988411c7c6221d304f4cf398503bf1",
                "nuc_only_mesmer_mask.tif:md5,e9719f53651b4bf76a37e9374db7f4e4",
                "nuc_only_stardist_mask.tif:md5,89baf7c188fd640f236dbf8b116664e5"
            ]
        ],
        "timestamp": "2026-06-08T17:37:15.879698839",
        "meta": {
            "nf-test": "0.9.4",
            "nextflow": "25.10.4"
        }
    },
    "Skip mindagap - clahe - cellpose": {
        "content": [
            9,
            {
                "CELLPOSE": {
                    "cellpose": "4.0.9",
                    "python": "3.12.12",
                    "torch": "2.10.0+cu128"
                },
                "CLAHE": {
                    "molkart_clahe": "0.1.0"
                },
                "CREATE_ANNDATA": {
                    "molkart_createanndata": "0.2.0"
                },
                "CREATE_STACK": {
                    "molkart_stack": "0.1.0"
                },
                "MASKFILTER": {
                    "molkart_maskfilter": "0.1.0"
                },
                "MOLKARTQC": {
                    "molkartqc": "0.1.0"
                },
                "SPOT2CELL": {
                    "molkart_spot2cell": "0.1.0"
                },
                "Workflow": {
                    "nf-core/molkart": "v1.3.0dev"
                }
            },
            [
                "anndata",
                "anndata/mem_only_cellpose.h5ad",
                "clahe",
                "clahe/mem_only_membrane_clahe.tiff",
                "clahe/mem_only_nuclear_clahe.tiff",
                "molkartqc",
                "molkartqc/mem_only.cellpose.spot_QC.csv",
                "multiqc",
                "multiqc/multiqc_data",
                "multiqc/multiqc_data/llms-full.txt",
                "multiqc/multiqc_data/multiqc.log",
                "multiqc/multiqc_data/multiqc.parquet",
                "multiqc/multiqc_data/multiqc_citations.txt",
                "multiqc/multiqc_data/multiqc_data.json",
                "multiqc/multiqc_data/multiqc_segmentation_stats.txt",
                "multiqc/multiqc_data/multiqc_software_versions.txt",
                "multiqc/multiqc_data/multiqc_sources.txt",
                "multiqc/multiqc_plots",
                "multiqc/multiqc_plots/pdf",
                "multiqc/multiqc_plots/pdf/segmentation_stats.pdf",
                "multiqc/multiqc_plots/png",
                "multiqc/multiqc_plots/png/segmentation_stats.png",
                "multiqc/multiqc_plots/svg",
                "multiqc/multiqc_plots/svg/segmentation_stats.svg",
                "multiqc/multiqc_report.html",
                "pipeline_info",
                "pipeline_info/nf_core_molkart_software_mqc_versions.yml",
                "segmentation",
                "segmentation/cellpose",
                "segmentation/cellpose/mem_only_cellpose_mask.tif",
                "segmentation/filtered_masks",
                "segmentation/filtered_masks/mem_only_cellpose_filtered.csv",
                "segmentation/filtered_masks/mem_only_cellpose_filtered.tif",
                "spot2cell",
                "spot2cell/cellxgene_mem_only_cellpose.csv",
                "stack",
                "stack/mem_only_stack.ome.tif"
            ],
            [
                "mem_only_cellpose.h5ad:md5,1e3e654f8d0fd5bfa2abdddd27aa394c",
                "mem_only.cellpose.spot_QC.csv:md5,890fff4349ec4aa1e34b58964b4d24f8",
                "multiqc_citations.txt:md5,4c806e63a283ec1b7e78cdae3a923d4f",
                "multiqc_segmentation_stats.txt:md5,72f710f760969c9413c4f3267fa159b0",
                "mem_only_cellpose_mask.tif:md5,4bc213897519a88558a3b230f7b7d73d",
                "mem_only_cellpose_filtered.csv:md5,e8be973d7809a7a2ed2ab0e1667becff",
                "mem_only_cellpose_filtered.tif:md5,60bdfc1573208d99b7c6251d991f3094"
            ]
        ],
        "timestamp": "2026-06-08T17:39:43.581109564",
        "meta": {
            "nf-test": "0.9.4",
            "nextflow": "25.10.4"
        }
    },
    "Create training subset": {
        "content": [
            6,
            {
                "CLAHE": {
                    "molkart_clahe": "0.1.0"
                },
                "CROPHDF5": {
                    "molkart_crophdf5": "0.1.0"
                },
                "CROPTIFF": {
                    "molkart_croptiff": "0.1.0"
                },
                "MINDAGAP_MINDAGAP": {
                    "mindagap": "0.0.2"
                },
                "MOLKARTQCPNG": {
                    "molkartqc": "0.1.0"
                },
                "Workflow": {
                    "nf-core/molkart": "v1.3.0dev"
                }
            },
            [
                "clahe",
                "clahe/nuc_only_nuclear_gridfilled_clahe.tiff",
                "mindagap",
                "mindagap/nuc_only_nuclear_gridfilled.tiff",
                "molkartqc",
                "molkartqc/crop_overview.png",
                "multiqc",
                "multiqc/crop_overview.png",
                "multiqc/crop_overview.txt",
                "multiqc/multiqc_data",
                "multiqc/multiqc_data/llms-full.txt",
                "multiqc/multiqc_data/multiqc.log",
                "multiqc/multiqc_data/multiqc.parquet",
                "multiqc/multiqc_data/multiqc_citations.txt",
                "multiqc/multiqc_data/multiqc_data.json",
                "multiqc/multiqc_data/multiqc_software_versions.txt",
                "multiqc/multiqc_data/multiqc_sources.txt",
                "multiqc/multiqc_report.html",
                "pipeline_info",
                "pipeline_info/nf_core_molkart_software_mqc_versions.yml",
                "training_subset",
                "training_subset/hdf5",
                "training_subset/hdf5/nuc_only_nuclear_gridfilled_clahe_crop1.hdf5",
                "training_subset/hdf5/nuc_only_nuclear_gridfilled_clahe_crop2.hdf5",
                "training_subset/tiff",
                "training_subset/tiff/nuc_only_nuclear_gridfilled_clahe_crop1.tiff",
                "training_subset/tiff/nuc_only_nuclear_gridfilled_clahe_crop2.tiff"
            ],
            [
                "nuc_only_nuclear_gridfilled.tiff:md5,123763d54f05b2274690b3b84f9690b1",
                "multiqc_citations.txt:md5,4c806e63a283ec1b7e78cdae3a923d4f"
            ]
        ],
        "timestamp": "2025-10-26T22:36:29.896471646",
        "meta": {
            "nf-test": "0.9.3",
            "nextflow": "25.04.6"
        }
    },
    "Create training subset - stub": {
        "content": [
            9,
            {
                "CLAHE": {
                    "molkart_clahe": "0.1.0"
                },
                "CREATE_STACK": {
                    "molkart_stack": "0.1.0"
                },
                "CROPHDF5": {
                    "molkart_crophdf5": "Stub version"
                },
                "CROPTIFF": {
                    "molkart_croptiff": "0.1.0"
                },
                "MINDAGAP_MINDAGAP": {
                    "mindagap": "0.0.2"
                },
                "MOLKARTQCPNG": {
                    "molkartqc": "0.1.0"
                },
                "Workflow": {
                    "nf-core/molkart": "v1.3.0dev"
                }
            },
            [
                "clahe",
                "clahe/mem_only_membrane_gridfilled_clahe.tiff",
                "clahe/mem_only_nuclear_gridfilled_clahe.tiff",
                "mindagap",
                "mindagap/mem_only_membrane_gridfilled.tiff",
                "mindagap/mem_only_nuclear_gridfilled.tiff",
                "molkartqc",
                "molkartqc/mem_only_stack.png",
                "multiqc",
                "multiqc/crop_overview.png",
                "multiqc/crop_overview.txt",
                "multiqc/multiqc_data",
                "multiqc/multiqc_data/.stub",
                "multiqc/multiqc_plots",
                "multiqc/multiqc_plots/.stub",
                "multiqc/multiqc_report.html",
                "pipeline_info",
                "pipeline_info/nf_core_molkart_software_mqc_versions.yml",
                "stack",
                "stack/mem_only_stack.ome.tif",
                "training_subset",
                "training_subset/hdf5",
                "training_subset/hdf5/mem_only_crop1.hdf5",
                "training_subset/hdf5/mem_only_crop2.hdf5",
                "training_subset/tiff",
                "training_subset/tiff/mem_only_stack.ome_crop1.tiff",
                "training_subset/tiff/mem_only_stack.ome_crop2.tiff"
            ],
            [
                "mem_only_membrane_gridfilled.tiff:md5,d41d8cd98f00b204e9800998ecf8427e",
                "mem_only_nuclear_gridfilled.tiff:md5,d41d8cd98f00b204e9800998ecf8427e",
                "mem_only_stack.png:md5,d41d8cd98f00b204e9800998ecf8427e",
                ".stub:md5,d41d8cd98f00b204e9800998ecf8427e",
                ".stub:md5,d41d8cd98f00b204e9800998ecf8427e"
            ]
        ],
        "timestamp": "2026-06-08T14:50:45.123899548",
        "meta": {
            "nf-test": "0.9.4",
            "nextflow": "25.10.4"
        }
    }
}